---
source: tests/ui_snapshots.rs
assertion_line: 576
expression: output
---
 reef  [TMPDIR]  ⎇ master
 📁  Files │ 🔎  Search │ ⎇ Git │ ⑂ Graph        ⊟  1:Files 2:Search 3:Git 4:Graph
 Repository: Workspa… ▾│
                       │
 Branch: master ▾      │
                       │
  ┌ Message (commit sta│
  │                    │
  └                    │
    ✓ Commit    ↑ Publi│
                       │                 Select a file to view diff
 Stashes: 0 ▾          │
                       │
 View: list            │
                       │
 Changes: 2 ▴ Stage all│
   new.txt +1 U ↗ + ↺  │
   ...t +1 -1 M ↗ + ↺  │
                       │
                  q:quit Tab:switch s:stage u:unstage r:refresh h:help  [Files]
